
Discarded input sections

 .text          0x0000000000000000        0x0 complex.o
 .data          0x0000000000000000        0x0 complex.o
 .bss           0x0000000000000000        0x0 complex.o
 .text._Z2re7Complex
                0x0000000000000000        0xc complex.o
 .text._ZN7Complex2imEv
                0x0000000000000000        0xc complex.o
 .text._Z2im7Complex
                0x0000000000000000        0xc complex.o
 .text._ZN7Complex4conjEv
                0x0000000000000000       0x38 complex.o
 .text._Z4conj7Complex
                0x0000000000000000       0x38 complex.o
 .text._Z3abs7Complex
                0x0000000000000000       0xa4 complex.o
 .text._ZN7Complex3argEv
                0x0000000000000000       0x18 complex.o
 .text._Z3arg7Complex
                0x0000000000000000       0x18 complex.o
 .text._ZN7Complex4normEv
                0x0000000000000000       0xa0 complex.o
 .text._Z4norm7Complex
                0x0000000000000000       0xa0 complex.o
 .text._ZN7ComplexplEx
                0x0000000000000000       0x34 complex.o
 .text._Zplx7Complex
                0x0000000000000000       0x34 complex.o
 .text._ZN7ComplexmiEx
                0x0000000000000000       0x34 complex.o
 .text._Zmix7Complex
                0x0000000000000000       0x48 complex.o
 .text._Zdvx7Complex
                0x0000000000000000      0x164 complex.o
 .text._ZN7ComplexmIERKS_
                0x0000000000000000       0x54 complex.o
 .text._ZN7ComplexeqES_
                0x0000000000000000       0x44 complex.o
 .text._ZN7Complex5sin_CEv
                0x0000000000000000      0x300 complex.o
 .text._ZN7Complex5cos_CEv
                0x0000000000000000       0x2c complex.o
 .text._ZN7Complex5tan_CEv
                0x0000000000000000      0x24c complex.o
 .text._ZN7Complex5sec_CEv
                0x0000000000000000      0x130 complex.o
 .text._ZN7Complex5csc_CEv
                0x0000000000000000       0x2c complex.o
 .text._ZN7Complex5cot_CEv
                0x0000000000000000       0x2c complex.o
 .text._ZN7Complex6sinh_CEv
                0x0000000000000000      0x168 complex.o
 .text._ZN7Complex6cosh_CEv
                0x0000000000000000      0x168 complex.o
 .text._ZN7Complex6tanh_CEv
                0x0000000000000000      0x24c complex.o
 .text._ZN7Complex6sech_CEv
                0x0000000000000000      0x130 complex.o
 .text._ZN7Complex6csch_CEv
                0x0000000000000000      0x130 complex.o
 .text._ZN7Complex6coth_CEv
                0x0000000000000000      0x24c complex.o
 .text._ZN7Complex6asin_CEv
                0x0000000000000000      0x420 complex.o
 .text._ZN7Complex6acos_CEv
                0x0000000000000000      0x2e0 complex.o
 .text._ZN7Complex6atan_CEv
                0x0000000000000000      0x2b4 complex.o
 .text._ZN7Complex7asinh_CEv
                0x0000000000000000      0x1b4 complex.o
 .text._ZN7Complex7acosh_CEv
                0x0000000000000000      0x1b8 complex.o
 .text._ZN7Complex7atanh_CEv
                0x0000000000000000      0x220 complex.o
 .text.startup._GLOBAL__sub_I__ZN7ComplexC2Ev
                0x0000000000000000       0x2c complex.o
 .init_array    0x0000000000000000        0x4 complex.o
 .eh_frame      0x0000000000000000      0x958 complex.o
 .data          0x0000000000000000        0x0 crt0.o
 .bss           0x0000000000000000        0x0 crt0.o
 .text          0x0000000000000000        0x0 fixed.o
 .data          0x0000000000000000        0x0 fixed.o
 .bss           0x0000000000000000        0x0 fixed.o
 .text.fix_log  0x0000000000000000       0xbc fixed.o
 .text.fix_pow  0x0000000000000000       0xb4 fixed.o
 .text.fix_rad  0x0000000000000000       0xac fixed.o
 .text.fix_tan  0x0000000000000000       0x88 fixed.o
 .text.fix_atan
                0x0000000000000000       0x50 fixed.o
 .text.fix_asin
                0x0000000000000000      0x1b0 fixed.o
 .text.fix_acos
                0x0000000000000000       0x5c fixed.o
 .text.fix_sinh
                0x0000000000000000      0x144 fixed.o
 .text.fix_cosh
                0x0000000000000000       0xdc fixed.o
 .text.fix_tanh
                0x0000000000000000       0xd8 fixed.o
 .text.fix_copysign
                0x0000000000000000       0x44 fixed.o
 .text.fix_sign
                0x0000000000000000       0x24 fixed.o
 .text.fix_norm
                0x0000000000000000       0xf0 fixed.o
 .text.fix_square
                0x0000000000000000       0x34 fixed.o
 .text          0x0000000000000000        0x0 libaux.o
 .data          0x0000000000000000        0x0 libaux.o
 .bss           0x0000000000000000        0x0 libaux.o
 .eh_frame      0x0000000000000000       0xa4 libaux.o
 .text          0x0000000000000000        0x0 libc.o
 .data          0x0000000000000000        0x0 libc.o
 .bss           0x0000000000000000        0x0 libc.o
 .text.itoa.part.1
                0x0000000000000000       0xdc libc.o
 .text.uart_init
                0x0000000000000000       0x3c libc.o
 .text.delay_ms
                0x0000000000000000      0x120 libc.o
 .text.delay_us
                0x0000000000000000      0x110 libc.o
 .text.interrupt_register
                0x0000000000000000       0x38 libc.o
 .text.panic    0x0000000000000000        0xc libc.o
 .text.putchar  0x0000000000000000       0x18 libc.o
 .text.kbhit    0x0000000000000000       0x10 libc.o
 .text.getchar  0x0000000000000000       0x18 libc.o
 .text.strcpy   0x0000000000000000       0x1c libc.o
 .text.strncpy  0x0000000000000000       0x68 libc.o
 .text.strcat   0x0000000000000000       0x4c libc.o
 .text.strncat  0x0000000000000000       0x4c libc.o
 .text.strcmp   0x0000000000000000       0x2c libc.o
 .text.strncmp  0x0000000000000000       0x3c libc.o
 .text.strstr   0x0000000000000000       0x68 libc.o
 .text.strlen   0x0000000000000000       0x30 libc.o
 .text.strchr   0x0000000000000000       0x24 libc.o
 .text.strpbrk  0x0000000000000000       0x48 libc.o
 .text.strsep   0x0000000000000000       0x60 libc.o
 .text.strtok   0x0000000000000000       0x90 libc.o
 .text.memcpy   0x0000000000000000       0x24 libc.o
 .text.memmove  0x0000000000000000       0x4c libc.o
 .text.memcmp   0x0000000000000000       0x4c libc.o
 .text.memset   0x0000000000000000       0x20 libc.o
 .text.strtol   0x0000000000000000      0x110 libc.o
 .text.atoi     0x0000000000000000       0xcc libc.o
 .text.atof     0x0000000000000000      0x204 libc.o
 .text.ftoa     0x0000000000000000      0x16c libc.o
 .text.itoa     0x0000000000000000       0x50 libc.o
 .text.puts     0x0000000000000000       0x48 libc.o
 .text.gets     0x0000000000000000       0x44 libc.o
 .text.abs      0x0000000000000000       0x10 libc.o
 .text.random   0x0000000000000000       0x60 libc.o
 .text.srand    0x0000000000000000        0xc libc.o
 .text.hexdump  0x0000000000000000      0x1a0 libc.o
 .text.sprintf  0x0000000000000000       0x48 libc.o
 .text.__udivmodsi4
                0x0000000000000000       0x70 libc.o
 .text.__divsi3
                0x0000000000000000       0x7c libc.o
 .text.__modsi3
                0x0000000000000000       0x6c libc.o
 .text.__ashldi3
                0x0000000000000000       0x38 libc.o
 .text.__ashrdi3
                0x0000000000000000       0x2c libc.o
 .text.__lshrdi3
                0x0000000000000000       0x38 libc.o
 .text.__udivmoddi4
                0x0000000000000000       0x14 libc.o
 .text.__umoddi3
                0x0000000000000000       0x30 libc.o
 .text.__udivdi3
                0x0000000000000000       0x18 libc.o
 .text.__moddi3
                0x0000000000000000       0x88 libc.o
 .text.__addsf3
                0x0000000000000000      0x12c libc.o
 .text.__subsf3
                0x0000000000000000       0x28 libc.o
 .text.__cmpsf2
                0x0000000000000000       0x44 libc.o
 .text.__ltsf2  0x0000000000000000       0x38 libc.o
 .text.__lesf2  0x0000000000000000       0x44 libc.o
 .text.__gtsf2  0x0000000000000000       0x44 libc.o
 .text.__gesf2  0x0000000000000000       0x38 libc.o
 .text.__eqsf2  0x0000000000000000        0xc libc.o
 .text.__nesf2  0x0000000000000000        0xc libc.o
 .text.__mulsf3
                0x0000000000000000      0x140 libc.o
 .text.__divsf3
                0x0000000000000000       0xc4 libc.o
 .text.__negsf2
                0x0000000000000000       0x18 libc.o
 .text.__fixsfsi
                0x0000000000000000       0x48 libc.o
 .text.__fixunssfsi
                0x0000000000000000       0x48 libc.o
 .text.__floatsisf
                0x0000000000000000       0x90 libc.o
 .text.__floatunsisf
                0x0000000000000000       0x8c libc.o
 .text.__floatsidf
                0x0000000000000000       0x8c libc.o
 .text.__negdf2
                0x0000000000000000       0x28 libc.o
 .text.__extendsfdf2
                0x0000000000000000       0x48 libc.o
 .text.__truncdfsf2
                0x0000000000000000       0xc4 libc.o
 .text.__cmpdf2
                0x0000000000000000       0x4c libc.o
 .text.__fixdfsi
                0x0000000000000000       0x8c libc.o
 .text.__fixdfdi
                0x0000000000000000       0xa8 libc.o
 .text.__fixunsdfsi
                0x0000000000000000       0x5c libc.o
 .text.__fixunsdfdi
                0x0000000000000000       0x7c libc.o
 .text.__adddf3
                0x0000000000000000      0x248 libc.o
 .text.__subdf3
                0x0000000000000000       0x40 libc.o
 .text.__muldf3
                0x0000000000000000      0x20c libc.o
 .text.__divdf3
                0x0000000000000000      0x174 libc.o
 .text.__gtdf2  0x0000000000000000       0x88 libc.o
 .text.__gedf2  0x0000000000000000       0x88 libc.o
 .text.__ltdf2  0x0000000000000000       0x88 libc.o
 .text.__ledf2  0x0000000000000000        0x8 libc.o
 .text.__nedf2  0x0000000000000000       0x14 libc.o
 .text.print_float
                0x0000000000000000       0x38 libc.o
 .text.print_double
                0x0000000000000000       0x40 libc.o
 .rodata.__divdf3.cst8
                0x0000000000000000        0x8 libc.o
 .rodata.__divsf3.cst4
                0x0000000000000000        0x8 libc.o
 .rodata.atof.cst4
                0x0000000000000000        0xc libc.o
 .rodata.hexdump.str1.4
                0x0000000000000000       0x13 libc.o
 .rodata.itoa.part.1.str1.4
                0x0000000000000000       0x48 libc.o
 .rodata.print_float.str1.4
                0x0000000000000000        0x5 libc.o
 .sbss.last.1317
                0x0000000000000000        0x4 libc.o
 .sdata.rand1   0x0000000000000000        0x4 libc.o
 .group         0x0000000000000000        0xc maintest.o
 .text          0x0000000000000000        0x0 maintest.o
 .data          0x0000000000000000        0x0 maintest.o
 .bss           0x0000000000000000        0x0 maintest.o
 .eh_frame      0x0000000000000000       0x74 maintest.o
 .text          0x0000000000000000        0x0 math.o
 .data          0x0000000000000000        0x0 math.o
 .bss           0x0000000000000000        0x0 math.o
 .text.xatan    0x0000000000000000      0x15c math.o
 .text.satan    0x0000000000000000      0x114 math.o
 .text.frexp.part.1
                0x0000000000000000       0x34 math.o
 .text.fabs     0x0000000000000000       0x3c math.o
 .text.frexp    0x0000000000000000       0x64 math.o
 .text.ldexp    0x0000000000000000      0x1b0 math.o
 .text.modf     0x0000000000000000       0xbc math.o
 .text.sinus    0x0000000000000000      0x274 math.o
 .text.floor    0x0000000000000000       0xa8 math.o
 .text.exp.part.2
                0x0000000000000000      0x180 math.o
 .text.ceil     0x0000000000000000       0x30 math.o
 .text.sqrt     0x0000000000000000      0x228 math.o
 .text.exp      0x0000000000000000       0xac math.o
 .text.log      0x0000000000000000      0x264 math.o
 .text.log10    0x0000000000000000       0x2c math.o
 .text.pow      0x0000000000000000      0x1e8 math.o
 .text.cos      0x0000000000000000       0x44 math.o
 .text.sin      0x0000000000000000        0xc math.o
 .text.tan      0x0000000000000000      0x2c8 math.o
 .text.atan     0x0000000000000000       0x68 math.o
 .text.atan2    0x0000000000000000      0x190 math.o
 .text.asin     0x0000000000000000      0x158 math.o
 .text.acos     0x0000000000000000       0x7c math.o
 .text.sinh     0x0000000000000000      0x338 math.o
 .text.cosh     0x0000000000000000      0x234 math.o
 .text.tanh     0x0000000000000000       0xac math.o
 .rodata.asin.cst4
                0x0000000000000000        0x4 math.o
 .rodata.atan2.cst4
                0x0000000000000000        0x8 math.o
 .rodata.exp.cst4
                0x0000000000000000        0xc math.o
 .rodata.exp.part.2.cst4
                0x0000000000000000       0x24 math.o
 .rodata.ldexp.cst4
                0x0000000000000000        0x4 math.o
 .rodata.log.cst4
                0x0000000000000000       0x28 math.o
 .rodata.log10.cst4
                0x0000000000000000        0x4 math.o
 .rodata.satan.cst4
                0x0000000000000000       0x14 math.o
 .rodata.sinh.cst4
                0x0000000000000000       0x20 math.o
 .rodata.sinus.cst4
                0x0000000000000000       0x34 math.o
 .rodata.sqrt.cst4
                0x0000000000000000        0x8 math.o
 .rodata.tan.cst4
                0x0000000000000000       0x1c math.o
 .rodata.tan.cst8
                0x0000000000000000       0x18 math.o
 .rodata.xatan.cst4
                0x0000000000000000       0x24 math.o
 .comment       0x0000000000000000       0x12 math.o
 .riscv.attributes
                0x0000000000000000       0x1a math.o
 .text          0x0000000000000000        0x0 Matrix.o
 .data          0x0000000000000000        0x0 Matrix.o
 .bss           0x0000000000000000        0x0 Matrix.o
 .text._ZN6Matrix7get_rowEv
                0x0000000000000000        0x8 Matrix.o
 .text._ZN6Matrix10get_columnEv
                0x0000000000000000        0x8 Matrix.o
 .text._ZN6Matrix9get_valueEii
                0x0000000000000000       0x8c Matrix.o
 .text._ZN6Matrix10transposedEPS_
                0x0000000000000000       0x84 Matrix.o
 .text._ZN6Matrix3sumEPS_S0_
                0x0000000000000000      0x130 Matrix.o
 .text._ZN6Matrix4sumEEPS_7Complex
                0x0000000000000000      0x120 Matrix.o
 .text._ZN6Matrix5zerosEii
                0x0000000000000000       0xc0 Matrix.o
 .text._ZN6Matrix7inverseEPS_
                0x0000000000000000      0x67c Matrix.o
 .text._ZN6Matrix4onesEii
                0x0000000000000000       0xc0 Matrix.o
 .text._ZN6Matrix13crossProduct3E7ComplexS0_S0_
                0x0000000000000000      0x254 Matrix.o
 .text._ZN6Matrix8blkdiag2EPS_S0_
                0x0000000000000000      0x254 Matrix.o
 .text._ZN6Matrix8blkdiag3EPS_S0_S0_
                0x0000000000000000      0x314 Matrix.o
 .text._ZN6Matrix8blkdiag4EPS_S0_S0_S0_
                0x0000000000000000      0x3e4 Matrix.o
 .text._ZN6Matrix9customMatEiPiz
                0x0000000000000000      0x25c Matrix.o
 .text._ZN6Matrix4copyEPS_
                0x0000000000000000       0x70 Matrix.o
 .text._ZN6Matrix4rankEv
                0x0000000000000000      0x208 Matrix.o
 .text._ZN6Matrix13checkSymmetryEv
                0x0000000000000000      0x358 Matrix.o
 .text._ZN6Matrix15luDecompositionEPS_S0_
                0x0000000000000000      0x43c Matrix.o
 .text._ZN6Matrix4diagEPS_
                0x0000000000000000       0x98 Matrix.o
 .text._ZN6Matrix8get_partEiiiiPS_
                0x0000000000000000       0xa0 Matrix.o
 .text._ZN6Matrix11householderEPS_S0_
                0x0000000000000000     0x113c Matrix.o
 .text._ZN6Matrix4trilEPS_
                0x0000000000000000      0x118 Matrix.o
 .text._ZN6Matrix7riccatiEPS_S0_S0_S0_
                0x0000000000000000      0xf38 Matrix.o
 .rodata._ZN6Matrix13checkSymmetryEv.str1.4
                0x0000000000000000       0x54 Matrix.o
 .eh_frame      0x0000000000000000      0x934 Matrix.o
 .text          0x0000000000000000        0x0 new.o
 .data          0x0000000000000000        0x0 new.o
 .bss           0x0000000000000000        0x0 new.o
 .eh_frame      0x0000000000000000       0x28 new.o
 .group         0x0000000000000000        0xc quaternion.o
 .text          0x0000000000000000        0x0 quaternion.o
 .data          0x0000000000000000        0x0 quaternion.o
 .bss           0x0000000000000000        0x0 quaternion.o
 .text._ZN10quaternion5q_sumES_S_
                0x0000000000000000      0x184 quaternion.o
 .text._ZN10quaternion13q_subtractionES_S_
                0x0000000000000000      0x184 quaternion.o
 .text._ZN10quaternion16q_multiplicationES_S_
                0x0000000000000000      0x688 quaternion.o
 .text._ZN10quaternion7q_multEES_7Complex
                0x0000000000000000      0x184 quaternion.o
 .text._ZN10quaternion6q_divEES_7Complex
                0x0000000000000000      0x184 quaternion.o
 .text._ZN10quaternion11q_conjugateES_
                0x0000000000000000      0x154 quaternion.o
 .text._ZN10quaternion10q_identityEv
                0x0000000000000000       0xf0 quaternion.o
 .text._ZN10quaternion6q_normEv
                0x0000000000000000      0x288 quaternion.o
 .text._ZN10quaternion9q_inverseES_
                0x0000000000000000      0x234 quaternion.o
 .text._ZN10quaternion11q_normalizeES_
                0x0000000000000000      0x358 quaternion.o
 .text._ZN10quaternion13q_dot_productES_S_
                0x0000000000000000      0x184 quaternion.o
 .text._ZN10quaternion5q_2eaER7ComplexS1_S1_
                0x0000000000000000      0x9c0 quaternion.o
 .text._ZN10quaternion5ea_2qE7ComplexS0_S0_
                0x0000000000000000      0x788 quaternion.o
 .text._ZN10quaternion6q_2rotEv
                0x0000000000000000      0xdd0 quaternion.o
 .gcc_except_table._ZN10quaternion6q_2rotEv
                0x0000000000000000       0x2b quaternion.o
 .debug_info    0x0000000000000000     0x30f0 quaternion.o
 .debug_abbrev  0x0000000000000000      0x2b1 quaternion.o
 .debug_loc     0x0000000000000000      0x3de quaternion.o
 .debug_aranges
                0x0000000000000000       0x88 quaternion.o
 .debug_ranges  0x0000000000000000       0x90 quaternion.o
 .debug_line    0x0000000000000000     0x16a8 quaternion.o
 .debug_str     0x0000000000000000      0xe10 quaternion.o
 .sdata.DW.ref.__gxx_personality_v0
                0x0000000000000000        0x4 quaternion.o
 .comment       0x0000000000000000       0x12 quaternion.o
 .eh_frame      0x0000000000000000      0x2d0 quaternion.o
 .riscv.attributes
                0x0000000000000000       0x1a quaternion.o

Memory Configuration

Name             Origin             Length             Attributes
rom              0x0000000000000000 0x0000000010000000
ram              0x0000000040000000 0x0000000010000000
ram_top          0x000000004ffffc00 0x0000000000000400
*default*        0x0000000000000000 0xffffffffffffffff

Linker script and memory map

                0x000000004ffffffc                _stack = 0x4ffffffc
                0x0000000000000000                . = 0x0

.text           0x0000000040000000     0x6978
 *(.text.init)
                0x0000000040000000                _text = .
 *(.text)
 .text          0x0000000040000000      0x284 crt0.o
                0x0000000040000000                _entry
                0x0000000040000100                _isr
                0x00000000400001f4                _interrupt_set
                0x000000004000020c                setjmp
                0x0000000040000248                longjmp
 *(.text.*)
 .text._ZN7ComplexC2Ev
                0x0000000040000284       0x1c complex.o
                0x0000000040000284                Complex::Complex()
                0x0000000040000284                Complex::Complex()
 .text._ZN7ComplexC2Ex
                0x00000000400002a0       0x1c complex.o
                0x00000000400002a0                Complex::Complex(long long)
                0x00000000400002a0                Complex::Complex(long long)
 .text._ZN7ComplexC2Exx
                0x00000000400002bc       0x14 complex.o
                0x00000000400002bc                Complex::Complex(long long, long long)
                0x00000000400002bc                Complex::Complex(long long, long long)
 .text._ZN7Complex2reEv
                0x00000000400002d0        0xc complex.o
                0x00000000400002d0                Complex::re()
 .text._ZN7Complex3absEv
                0x00000000400002dc       0x98 complex.o
                0x00000000400002dc                Complex::abs()
 .text._ZN7ComplexplES_
                0x0000000040000374       0x54 complex.o
                0x0000000040000374                Complex::operator+(Complex)
 .text._ZN7ComplexmiES_
                0x00000000400003c8       0x54 complex.o
                0x00000000400003c8                Complex::operator-(Complex)
 .text._ZN7ComplexmlES_
                0x000000004000041c      0x160 complex.o
                0x000000004000041c                Complex::operator*(Complex)
 .text._ZN7ComplexmlEx
                0x000000004000057c       0xac complex.o
                0x000000004000057c                Complex::operator*(long long)
 .text._Zmlx7Complex
                0x0000000040000628       0xac complex.o
                0x0000000040000628                operator*(long long, Complex)
 .text._ZN7ComplexdvES_
                0x00000000400006d4      0x210 complex.o
                0x00000000400006d4                Complex::operator/(Complex)
 .text._ZN7ComplexdvEx
                0x00000000400008e4       0xb0 complex.o
                0x00000000400008e4                Complex::operator/(long long)
 .text._ZN7ComplexpLERKS_
                0x0000000040000994       0x54 complex.o
                0x0000000040000994                Complex::operator+=(Complex const&)
 .text._ZN7Complex6sqrt_CEv
                0x00000000400009e8      0x130 complex.o
                0x00000000400009e8                Complex::sqrt_C()
 .text._ZN7Complex5log_CEv
                0x0000000040000b18      0x280 complex.o
                0x0000000040000b18                Complex::log_C()
 .text._ZN7Complex5exp_CEv
                0x0000000040000d98      0x140 complex.o
                0x0000000040000d98                Complex::exp_C()
 .text._ZN7Complex5pow_CEx
                0x0000000040000ed8       0xd4 complex.o
                0x0000000040000ed8                Complex::pow_C(long long)
 .text._ZN7Complex7print_CEv
                0x0000000040000fac       0x80 complex.o
                0x0000000040000fac                Complex::print_C()
 .text.xatan    0x000000004000102c      0x240 fixed.o
 .text.satan    0x000000004000126c       0xd0 fixed.o
 .text.fix_sqrt.part.1
                0x000000004000133c      0x1b8 fixed.o
 .text.fix_ln.part.2
                0x00000000400014f4      0x314 fixed.o
 .text.fixtoa   0x0000000040001808      0x16c fixed.o
                0x0000000040001808                fixtoa
 .text.fix_sqrt
                0x0000000040001974       0x34 fixed.o
                0x0000000040001974                fix_sqrt
 .text.fix_exp  0x00000000400019a8      0x27c fixed.o
                0x00000000400019a8                fix_exp
 .text.fix_ln   0x0000000040001c24       0x28 fixed.o
                0x0000000040001c24                fix_ln
 .text.fix_sin  0x0000000040001c4c      0x228 fixed.o
                0x0000000040001c4c                fix_sin
 .text.fix_cos  0x0000000040001e74       0x1c fixed.o
                0x0000000040001e74                fix_cos
 .text.fix_atan2
                0x0000000040001e90      0x154 fixed.o
                0x0000000040001e90                fix_atan2
 .text.fix_print
                0x0000000040001fe4       0x30 fixed.o
                0x0000000040001fe4                fix_print
 .text._Z6cpsign7ComplexS_
                0x0000000040002014       0xf0 libaux.o
                0x0000000040002014                cpsign(Complex, Complex)
 .text._Z4sign7Complex
                0x0000000040002104       0xa0 libaux.o
                0x0000000040002104                sign(Complex)
 .text._Z11norm_vectoriP7Complex
                0x00000000400021a4       0xd8 libaux.o
                0x00000000400021a4                norm_vector(int, Complex*)
 .text.printchar.part.0
                0x000000004000227c       0x18 libc.o
 .text.vsprintf
                0x0000000040002294      0x3e8 libc.o
 .text.__udivmoddi4.part.2
                0x000000004000267c      0x13c libc.o
 .text.interrupt_handler
                0x00000000400027b8       0x60 libc.o
                0x00000000400027b8                interrupt_handler
 .text.exception_handler
                0x0000000040002818        0xc libc.o
                0x0000000040002818                exception_handler
 .text.printf   0x0000000040002824       0x48 libc.o
                0x0000000040002824                printf
 .text.__mulsi3
                0x000000004000286c       0x30 libc.o
                0x000000004000286c                __mulsi3
 .text.__muldsi3
                0x000000004000289c       0xd4 libc.o
                0x000000004000289c                __muldsi3
 .text.__muldi3
                0x0000000040002970       0xa8 libc.o
                0x0000000040002970                __muldi3
 .text.__udivsi3
                0x0000000040002a18       0x64 libc.o
                0x0000000040002a18                __udivsi3
 .text.__umodsi3
                0x0000000040002a7c       0x54 libc.o
                0x0000000040002a7c                __umodsi3
 .text.__divdi3
                0x0000000040002ad0       0x7c libc.o
                0x0000000040002ad0                __divdi3
 .text.__floatdidf
                0x0000000040002b4c       0xc0 libc.o
                0x0000000040002b4c                __floatdidf
 .text.__eqdf2  0x0000000040002c0c       0x14 libc.o
                0x0000000040002c0c                __eqdf2
 .text._ZN6MatrixC2Ev
                0x0000000040002c20       0x58 maintest.o
                0x0000000040002c20                Matrix::Matrix()
                0x0000000040002c20                Matrix::Matrix()
 .text.startup.main
                0x0000000040002c78     0x1004 maintest.o
                0x0000000040002c78                main
 .text._ZN6Matrix10set_valuesEiiP7Complex
                0x0000000040003c7c       0x74 Matrix.o
                0x0000000040003c7c                Matrix::set_values(int, int, Complex*)
 .text._ZN6Matrix12print_matrixEv
                0x0000000040003cf0       0xb8 Matrix.o
                0x0000000040003cf0                Matrix::print_matrix()
 .text._ZN6Matrix11subtractionEPS_S0_
                0x0000000040003da8      0x12c Matrix.o
                0x0000000040003da8                Matrix::subtraction(Matrix*, Matrix*)
 .text._ZN6Matrix14multiplicationEPS_S0_
                0x0000000040003ed4      0x1f8 Matrix.o
                0x0000000040003ed4                Matrix::multiplication(Matrix*, Matrix*)
 .text._ZN6Matrix5multEEPS_7Complex
                0x00000000400040cc      0x11c Matrix.o
                0x00000000400040cc                Matrix::multE(Matrix*, Complex)
 .text._ZN6Matrix4divEEPS_7Complex
                0x00000000400041e8      0x11c Matrix.o
                0x00000000400041e8                Matrix::divE(Matrix*, Complex)
 .text._ZN6Matrix8cofactorEPS_iii
                0x0000000040004304      0x210 Matrix.o
                0x0000000040004304                Matrix::cofactor(Matrix*, int, int, int)
 .text._ZN6Matrix6auxDetEi
                0x0000000040004514      0x550 Matrix.o
                0x0000000040004514                Matrix::auxDet(int)
 .text._ZN6Matrix11determinantEi
                0x0000000040004a64      0x3a4 Matrix.o
                0x0000000040004a64                Matrix::determinant(int)
 .text._ZN6Matrix6setEyeEi
                0x0000000040004e08       0xc8 Matrix.o
                0x0000000040004e08                Matrix::setEye(int)
 .text._ZN6Matrix4triuEPS_
                0x0000000040004ed0      0x114 Matrix.o
                0x0000000040004ed0                Matrix::triu(Matrix*)
 .text._ZN6Matrix2qrEPS_S0_
                0x0000000040004fe4     0x10f8 Matrix.o
                0x0000000040004fe4                Matrix::qr(Matrix*, Matrix*)
 .text._ZN6Matrix5traceEv
                0x00000000400060dc       0xf0 Matrix.o
                0x00000000400060dc                Matrix::trace()
 .text._ZN6Matrix5eig22EPS_
                0x00000000400061cc      0x1ac Matrix.o
                0x00000000400061cc                Matrix::eig22(Matrix*)
 .text._ZN6Matrix3eigEPS_
                0x0000000040006378      0x4c4 Matrix.o
                0x0000000040006378                Matrix::eig(Matrix*)
 .text._ZN6Matrix7twoNormEv
                0x000000004000683c      0x134 Matrix.o
                0x000000004000683c                Matrix::twoNorm()
 .text._ZnwjPv  0x0000000040006970        0x8 new.o
                0x0000000040006970                operator new(unsigned int, void*)
                0x0000000040006978                _etext = .

.data           0x0000000040006978      0x168
                0x0000000040006978                _rodata = .
 *(.rdata)
 *(.rodata)
 *(.rodata.*)
 .rodata._ZN7Complex7print_CEv.str1.4
                0x0000000040006978        0x6 complex.o
 *fill*         0x000000004000697e        0x2 
 .rodata.fix_print.str1.4
                0x0000000040006980        0x5 fixed.o
 *fill*         0x0000000040006985        0x3 
 .rodata.vsprintf
                0x0000000040006988       0x84 libc.o
 .rodata.vsprintf.str1.4
                0x0000000040006a0c       0x19 libc.o
 *fill*         0x0000000040006a25        0x3 
 .rodata.main.str1.4
                0x0000000040006a28       0x78 maintest.o
 .rodata._ZN6Matrix12print_matrixEv.str1.4
                0x0000000040006aa0        0x6 Matrix.o
                                          0xa (size before relaxing)
 *fill*         0x0000000040006aa6        0x2 
 .rodata._ZN6Matrix14multiplicationEPS_S0_.str1.4
                0x0000000040006aa8       0x30 Matrix.o
                                         0x2e (size before relaxing)
                0x0000000040006ad8                _erodata = .
                0x0000000040006ad8                _data = .
 *(.data)
 *(.data.*)
                0x00000000400072d8                _gp = (. + 0x800)
 *(.sdata)
 *(.sdata.*)
                0x0000000040006ae0                . = ALIGN (0x10)
 *fill*         0x0000000040006ad8        0x8 
                0x0000000040006ae0                _edata = .

.rela.dyn       0x0000000040006ae0        0x0
 .rela.text     0x0000000040006ae0        0x0 complex.o
 .rela.text.startup.main
                0x0000000040006ae0        0x0 complex.o

.bss            0x0000000040006ae0       0x90
                0x0000000040006ae0                _bss_start = .
 *(.sbss)
 *(.sbss.*)
 *(.bss)
 *(.bss.*)
 .bss._ZL1j     0x0000000040006ae0       0x10 complex.o
 .bss.isr       0x0000000040006af0       0x80 libc.o
                0x0000000040006b70                . = ALIGN (0x4)
                0x0000000040006b70                _bss_end = .
                0x0000000040006b70                _end = .
LOAD complex.o
LOAD crt0.o
LOAD fixed.o
LOAD libaux.o
LOAD libc.o
LOAD maintest.o
LOAD math.o
LOAD Matrix.o
LOAD new.o
LOAD quaternion.o
OUTPUT(test.elf elf32-littleriscv)

.debug_info     0x0000000000000000     0xbce5
 .debug_info    0x0000000000000000     0x2ff0 complex.o
 .debug_info    0x0000000000002ff0      0x852 libaux.o
 .debug_info    0x0000000000003842     0x2171 maintest.o
 .debug_info    0x00000000000059b3     0x6332 Matrix.o

.debug_abbrev   0x0000000000000000      0xd22
 .debug_abbrev  0x0000000000000000      0x476 complex.o
 .debug_abbrev  0x0000000000000476      0x1c6 libaux.o
 .debug_abbrev  0x000000000000063c      0x256 maintest.o
 .debug_abbrev  0x0000000000000892      0x490 Matrix.o

.debug_loc      0x0000000000000000     0x8600
 .debug_loc     0x0000000000000000     0x25a6 complex.o
 .debug_loc     0x00000000000025a6      0x114 libaux.o
 .debug_loc     0x00000000000026ba       0x72 maintest.o
 .debug_loc     0x000000000000272c     0x5ed4 Matrix.o

.debug_aranges  0x0000000000000000      0x358
 .debug_aranges
                0x0000000000000000      0x1b0 complex.o
 .debug_aranges
                0x00000000000001b0       0x30 libaux.o
 .debug_aranges
                0x00000000000001e0       0x28 maintest.o
 .debug_aranges
                0x0000000000000208      0x150 Matrix.o

.debug_ranges   0x0000000000000000     0x1e08
 .debug_ranges  0x0000000000000000     0x15e0 complex.o
 .debug_ranges  0x00000000000015e0       0x20 libaux.o
 .debug_ranges  0x0000000000001600       0x18 maintest.o
 .debug_ranges  0x0000000000001618      0x7f0 Matrix.o

.debug_line     0x0000000000000000     0xa202
 .debug_line    0x0000000000000000     0x45f7 complex.o
 .debug_line    0x00000000000045f7      0x2c1 libaux.o
 .debug_line    0x00000000000048b8      0x542 maintest.o
 .debug_line    0x0000000000004dfa     0x5408 Matrix.o

.debug_str      0x0000000000000000     0x11e7
 .debug_str     0x0000000000000000      0x6ac complex.o
                                        0x70f (size before relaxing)
 .debug_str     0x00000000000006ac       0x69 libaux.o
                                        0x5f7 (size before relaxing)
 .debug_str     0x0000000000000715      0x6b4 maintest.o
                                        0xc65 (size before relaxing)
 .debug_str     0x0000000000000dc9      0x41e Matrix.o
                                        0xfe4 (size before relaxing)

.comment        0x0000000000000000       0x11
 .comment       0x0000000000000000       0x11 complex.o
                                         0x12 (size before relaxing)
 .comment       0x0000000000000011       0x12 fixed.o
 .comment       0x0000000000000011       0x12 libaux.o
 .comment       0x0000000000000011       0x12 libc.o
 .comment       0x0000000000000011       0x12 maintest.o
 .comment       0x0000000000000011       0x12 Matrix.o
 .comment       0x0000000000000011       0x12 new.o

.riscv.attributes
                0x0000000000000000       0x1a
 .riscv.attributes
                0x0000000000000000       0x1a complex.o
 .riscv.attributes
                0x000000000000001a       0x1a crt0.o
 .riscv.attributes
                0x0000000000000034       0x1a fixed.o
 .riscv.attributes
                0x000000000000004e       0x1a libaux.o
 .riscv.attributes
                0x0000000000000068       0x1a libc.o
 .riscv.attributes
                0x0000000000000082       0x1a maintest.o
 .riscv.attributes
                0x000000000000009c       0x1a Matrix.o
 .riscv.attributes
                0x00000000000000b6       0x1a new.o
