
Discarded input sections

 .text          0x0000000000000000        0x0 Matrix.o
 .data          0x0000000000000000        0x0 Matrix.o
 .bss           0x0000000000000000        0x0 Matrix.o
 .text._ZN6Matrix7get_rowEv
                0x0000000000000000        0x8 Matrix.o
 .text._ZN6Matrix10get_columnEv
                0x0000000000000000        0x8 Matrix.o
 .text._ZN6Matrix9get_valueEii
                0x0000000000000000       0x68 Matrix.o
 .text._ZN6Matrix10transposedEPS_
                0x0000000000000000       0x74 Matrix.o
 .text._ZN6Matrix3sumEPS_S0_
                0x0000000000000000       0xf8 Matrix.o
 .text._ZN6Matrix4sumEEPS_7Complex
                0x0000000000000000       0xe0 Matrix.o
 .text._ZN6Matrix4onesEii
                0x0000000000000000       0xac Matrix.o
 .text._ZN6Matrix13crossProduct3E7ComplexS0_S0_
                0x0000000000000000      0x128 Matrix.o
 .text._ZN6Matrix8blkdiag2EPS_S0_
                0x0000000000000000      0x220 Matrix.o
 .text._ZN6Matrix8blkdiag3EPS_S0_S0_
                0x0000000000000000      0x2d0 Matrix.o
 .text._ZN6Matrix8blkdiag4EPS_S0_S0_S0_
                0x0000000000000000      0x390 Matrix.o
 .text._ZN6Matrix9customMatEiPiz
                0x0000000000000000      0x218 Matrix.o
 .text._ZN6Matrix4copyEPS_
                0x0000000000000000       0x60 Matrix.o
 .text._ZN6Matrix4rankEv
                0x0000000000000000      0x1a0 Matrix.o
 .text._ZN6Matrix13checkSymmetryEv
                0x0000000000000000      0x2dc Matrix.o
 .text._ZN6Matrix15luDecompositionEPS_S0_
                0x0000000000000000      0x320 Matrix.o
 .text._ZN6Matrix4diagEPS_
                0x0000000000000000       0x88 Matrix.o
 .text._ZN6Matrix8get_partEiiiiPS_
                0x0000000000000000       0x90 Matrix.o
 .text._ZN6Matrix11householderEPS_S0_
                0x0000000000000000      0xf90 Matrix.o
 .text._ZN6Matrix4trilEPS_
                0x0000000000000000       0xf4 Matrix.o
 .text._ZN6Matrix5traceEv
                0x0000000000000000       0xac Matrix.o
 .text._ZN6Matrix5eig22EPS_
                0x0000000000000000      0x170 Matrix.o
 .text._ZN6Matrix3eigEPS_
                0x0000000000000000      0x42c Matrix.o
 .text._ZN6Matrix7twoNormEv
                0x0000000000000000      0x110 Matrix.o
 .text._ZN6Matrix7riccatiEPS_S0_S0_S0_
                0x0000000000000000      0xdbc Matrix.o
 .rodata._ZN6Matrix13checkSymmetryEv.str1.4
                0x0000000000000000       0x54 Matrix.o
 .eh_frame      0x0000000000000000      0x8f4 Matrix.o
 .text          0x0000000000000000        0x0 complex.o
 .data          0x0000000000000000        0x0 complex.o
 .bss           0x0000000000000000        0x0 complex.o
 .text._ZN7ComplexC2Eii
                0x0000000000000000        0xc complex.o
 .text._Z2re7Complex
                0x0000000000000000        0xc complex.o
 .text._ZN7Complex2imEv
                0x0000000000000000        0x8 complex.o
 .text._Z2im7Complex
                0x0000000000000000       0x10 complex.o
 .text._ZN7Complex4conjEv
                0x0000000000000000       0x18 complex.o
 .text._Z4conj7Complex
                0x0000000000000000       0x10 complex.o
 .text._ZN7Complex3absEv
                0x0000000000000000       0x78 complex.o
 .text._Z3abs7Complex
                0x0000000000000000       0x74 complex.o
 .text._ZN7Complex3argEv
                0x0000000000000000       0x10 complex.o
 .text._Z3arg7Complex
                0x0000000000000000       0x1c complex.o
 .text._ZN7Complex4normEv
                0x0000000000000000       0x74 complex.o
 .text._Z4norm7Complex
                0x0000000000000000       0x70 complex.o
 .text._ZN7ComplexplEi
                0x0000000000000000       0x1c complex.o
 .text._Zpli7Complex
                0x0000000000000000       0x14 complex.o
 .text._ZN7ComplexmiEi
                0x0000000000000000       0x1c complex.o
 .text._Zmii7Complex
                0x0000000000000000       0x14 complex.o
 .text._ZN7ComplexdvEi
                0x0000000000000000       0x98 complex.o
 .text._Zdvi7Complex
                0x0000000000000000      0x144 complex.o
 .text._ZN7ComplexmIERKS_
                0x0000000000000000       0x24 complex.o
 .text._ZN7ComplexeqES_
                0x0000000000000000       0x2c complex.o
 .text._ZN7Complex5log_CEv
                0x0000000000000000      0x27c complex.o
 .text._ZN7Complex5exp_CEv
                0x0000000000000000      0x11c complex.o
 .text._ZN7Complex5pow_CEi
                0x0000000000000000       0xb0 complex.o
 .text._ZN7Complex5sin_CEv
                0x0000000000000000      0x23c complex.o
 .text._ZN7Complex5cos_CEv
                0x0000000000000000      0x23c complex.o
 .text._ZN7Complex5tan_CEv
                0x0000000000000000       0x64 complex.o
 .text._ZN7Complex5sec_CEv
                0x0000000000000000       0xec complex.o
 .text._ZN7Complex5csc_CEv
                0x0000000000000000       0xec complex.o
 .text._ZN7Complex5cot_CEv
                0x0000000000000000       0x64 complex.o
 .text._ZN7Complex6sinh_CEv
                0x0000000000000000      0x104 complex.o
 .text._ZN7Complex6cosh_CEv
                0x0000000000000000      0x104 complex.o
 .text._ZN7Complex6tanh_CEv
                0x0000000000000000       0x64 complex.o
 .text._ZN7Complex6sech_CEv
                0x0000000000000000       0xec complex.o
 .text._ZN7Complex6csch_CEv
                0x0000000000000000       0xec complex.o
 .text._ZN7Complex6coth_CEv
                0x0000000000000000       0x64 complex.o
 .text._ZN7Complex6asin_CEv
                0x0000000000000000      0x300 complex.o
 .text._ZN7Complex6acos_CEv
                0x0000000000000000      0x214 complex.o
 .text._ZN7Complex6atan_CEv
                0x0000000000000000       0x74 complex.o
 .text._ZN7Complex7asinh_CEv
                0x0000000000000000      0x11c complex.o
 .text._ZN7Complex7acosh_CEv
                0x0000000000000000      0x11c complex.o
 .text._ZN7Complex7atanh_CEv
                0x0000000000000000       0x64 complex.o
 .text.startup._GLOBAL__sub_I__ZN7ComplexC2Ev
                0x0000000000000000       0x18 complex.o
 .init_array    0x0000000000000000        0x4 complex.o
 .sbss._ZL1j    0x0000000000000000        0x8 complex.o
 .eh_frame      0x0000000000000000      0x84c complex.o
 .data          0x0000000000000000        0x0 crt0.o
 .bss           0x0000000000000000        0x0 crt0.o
 .text          0x0000000000000000        0x0 fixed.o
 .data          0x0000000000000000        0x0 fixed.o
 .bss           0x0000000000000000        0x0 fixed.o
 .text.xatan    0x0000000000000000      0x22c fixed.o
 .text.satan    0x0000000000000000       0xb0 fixed.o
 .text.fix_ln.part.1
                0x0000000000000000      0x280 fixed.o
 .text.fix_exp  0x0000000000000000      0x1e8 fixed.o
 .text.fix_ln   0x0000000000000000       0x20 fixed.o
 .text.fix_log  0x0000000000000000       0xa4 fixed.o
 .text.fix_pow  0x0000000000000000       0xa0 fixed.o
 .text.fix_rad  0x0000000000000000       0xc8 fixed.o
 .text.fix_sin  0x0000000000000000      0x1ac fixed.o
 .text.fix_cos  0x0000000000000000       0x14 fixed.o
 .text.fix_tan  0x0000000000000000       0x6c fixed.o
 .text.fix_atan
                0x0000000000000000       0x30 fixed.o
 .text.fix_atan2
                0x0000000000000000      0x120 fixed.o
 .text.fix_asin
                0x0000000000000000      0x14c fixed.o
 .text.fix_acos
                0x0000000000000000       0x40 fixed.o
 .text.fix_sinh
                0x0000000000000000       0xdc fixed.o
 .text.fix_cosh
                0x0000000000000000       0x60 fixed.o
 .text.fix_tanh
                0x0000000000000000       0xb8 fixed.o
 .text.fix_copysign
                0x0000000000000000       0x18 fixed.o
 .text.fix_sign
                0x0000000000000000       0x14 fixed.o
 .text.fix_norm
                0x0000000000000000       0xd8 fixed.o
 .text.fix_square
                0x0000000000000000       0x34 fixed.o
 .text          0x0000000000000000        0x0 libaux.o
 .data          0x0000000000000000        0x0 libaux.o
 .bss           0x0000000000000000        0x0 libaux.o
 .eh_frame      0x0000000000000000       0x80 libaux.o
 .text          0x0000000000000000        0x0 libc.o
 .data          0x0000000000000000        0x0 libc.o
 .bss           0x0000000000000000        0x0 libc.o
 .text.itoa.part.1
                0x0000000000000000       0xdc libc.o
 .text.uart_init
                0x0000000000000000       0x3c libc.o
 .text.delay_ms
                0x0000000000000000      0x120 libc.o
 .text.delay_us
                0x0000000000000000      0x110 libc.o
 .text.interrupt_register
                0x0000000000000000       0x38 libc.o
 .text.panic    0x0000000000000000        0xc libc.o
 .text.putchar  0x0000000000000000       0x18 libc.o
 .text.kbhit    0x0000000000000000       0x10 libc.o
 .text.getchar  0x0000000000000000       0x18 libc.o
 .text.strcpy   0x0000000000000000       0x1c libc.o
 .text.strncpy  0x0000000000000000       0x68 libc.o
 .text.strcat   0x0000000000000000       0x4c libc.o
 .text.strncat  0x0000000000000000       0x4c libc.o
 .text.strcmp   0x0000000000000000       0x2c libc.o
 .text.strncmp  0x0000000000000000       0x3c libc.o
 .text.strstr   0x0000000000000000       0x68 libc.o
 .text.strlen   0x0000000000000000       0x30 libc.o
 .text.strchr   0x0000000000000000       0x24 libc.o
 .text.strpbrk  0x0000000000000000       0x48 libc.o
 .text.strsep   0x0000000000000000       0x60 libc.o
 .text.strtok   0x0000000000000000       0x90 libc.o
 .text.memcpy   0x0000000000000000       0x24 libc.o
 .text.memmove  0x0000000000000000       0x4c libc.o
 .text.memcmp   0x0000000000000000       0x4c libc.o
 .text.memset   0x0000000000000000       0x20 libc.o
 .text.strtol   0x0000000000000000      0x110 libc.o
 .text.atoi     0x0000000000000000       0xcc libc.o
 .text.atof     0x0000000000000000      0x204 libc.o
 .text.ftoa     0x0000000000000000      0x170 libc.o
 .text.itoa     0x0000000000000000       0x50 libc.o
 .text.puts     0x0000000000000000       0x48 libc.o
 .text.gets     0x0000000000000000       0x44 libc.o
 .text.abs      0x0000000000000000       0x10 libc.o
 .text.random   0x0000000000000000       0x60 libc.o
 .text.srand    0x0000000000000000        0xc libc.o
 .text.hexdump  0x0000000000000000      0x1a0 libc.o
 .text.sprintf  0x0000000000000000       0x48 libc.o
 .text.__udivmodsi4
                0x0000000000000000       0x70 libc.o
 .text.__divsi3
                0x0000000000000000       0x7c libc.o
 .text.__modsi3
                0x0000000000000000       0x6c libc.o
 .text.__ashldi3
                0x0000000000000000       0x38 libc.o
 .text.__ashrdi3
                0x0000000000000000       0x2c libc.o
 .text.__lshrdi3
                0x0000000000000000       0x38 libc.o
 .text.__udivmoddi4
                0x0000000000000000       0x14 libc.o
 .text.__umoddi3
                0x0000000000000000       0x30 libc.o
 .text.__udivdi3
                0x0000000000000000       0x18 libc.o
 .text.__moddi3
                0x0000000000000000       0x88 libc.o
 .text.__addsf3
                0x0000000000000000      0x12c libc.o
 .text.__subsf3
                0x0000000000000000       0x28 libc.o
 .text.__cmpsf2
                0x0000000000000000       0x44 libc.o
 .text.__ltsf2  0x0000000000000000       0x38 libc.o
 .text.__lesf2  0x0000000000000000       0x44 libc.o
 .text.__gtsf2  0x0000000000000000       0x44 libc.o
 .text.__gesf2  0x0000000000000000       0x38 libc.o
 .text.__eqsf2  0x0000000000000000        0xc libc.o
 .text.__nesf2  0x0000000000000000        0xc libc.o
 .text.__mulsf3
                0x0000000000000000      0x140 libc.o
 .text.__divsf3
                0x0000000000000000       0xc4 libc.o
 .text.__negsf2
                0x0000000000000000       0x18 libc.o
 .text.__fixsfsi
                0x0000000000000000       0x48 libc.o
 .text.__fixunssfsi
                0x0000000000000000       0x48 libc.o
 .text.__floatsisf
                0x0000000000000000       0xa8 libc.o
 .text.__floatunsisf
                0x0000000000000000       0x84 libc.o
 .text.__floatsidf
                0x0000000000000000       0x8c libc.o
 .text.__floatdidf
                0x0000000000000000       0xc0 libc.o
 .text.__negdf2
                0x0000000000000000       0x28 libc.o
 .text.__extendsfdf2
                0x0000000000000000       0x48 libc.o
 .text.__truncdfsf2
                0x0000000000000000       0xc4 libc.o
 .text.__cmpdf2
                0x0000000000000000       0x4c libc.o
 .text.__fixdfsi
                0x0000000000000000       0x8c libc.o
 .text.__fixdfdi
                0x0000000000000000       0xa8 libc.o
 .text.__fixunsdfsi
                0x0000000000000000       0x5c libc.o
 .text.__fixunsdfdi
                0x0000000000000000       0x7c libc.o
 .text.__adddf3
                0x0000000000000000      0x248 libc.o
 .text.__subdf3
                0x0000000000000000       0x40 libc.o
 .text.__muldf3
                0x0000000000000000      0x20c libc.o
 .text.__divdf3
                0x0000000000000000      0x174 libc.o
 .text.__gtdf2  0x0000000000000000       0x88 libc.o
 .text.__gedf2  0x0000000000000000       0x88 libc.o
 .text.__ltdf2  0x0000000000000000       0x88 libc.o
 .text.__ledf2  0x0000000000000000        0x8 libc.o
 .text.__eqdf2  0x0000000000000000       0x14 libc.o
 .text.__nedf2  0x0000000000000000       0x14 libc.o
 .text.print_float
                0x0000000000000000       0x38 libc.o
 .text.print_double
                0x0000000000000000       0x40 libc.o
 .rodata.__divdf3.cst8
                0x0000000000000000        0x8 libc.o
 .rodata.__divsf3.cst4
                0x0000000000000000        0x8 libc.o
 .rodata.atof.cst4
                0x0000000000000000        0xc libc.o
 .rodata.hexdump.str1.4
                0x0000000000000000       0x13 libc.o
 .rodata.itoa.part.1.str1.4
                0x0000000000000000       0x48 libc.o
 .rodata.print_float.str1.4
                0x0000000000000000        0x5 libc.o
 .sbss.last.1317
                0x0000000000000000        0x4 libc.o
 .sdata.rand1   0x0000000000000000        0x4 libc.o
 .group         0x0000000000000000        0xc maintest.o
 .text          0x0000000000000000        0x0 maintest.o
 .data          0x0000000000000000        0x0 maintest.o
 .bss           0x0000000000000000        0x0 maintest.o
 .eh_frame      0x0000000000000000       0x74 maintest.o
 .text          0x0000000000000000        0x0 math.o
 .data          0x0000000000000000        0x0 math.o
 .bss           0x0000000000000000        0x0 math.o
 .text.xatan    0x0000000000000000      0x15c math.o
 .text.satan    0x0000000000000000      0x114 math.o
 .text.frexp.part.1
                0x0000000000000000       0x34 math.o
 .text.fabs     0x0000000000000000       0x3c math.o
 .text.frexp    0x0000000000000000       0x64 math.o
 .text.ldexp    0x0000000000000000      0x1b0 math.o
 .text.modf     0x0000000000000000       0xb8 math.o
 .text.sinus    0x0000000000000000      0x274 math.o
 .text.floor    0x0000000000000000       0xa8 math.o
 .text.exp.part.2
                0x0000000000000000      0x180 math.o
 .text.ceil     0x0000000000000000       0x30 math.o
 .text.sqrt     0x0000000000000000      0x228 math.o
 .text.exp      0x0000000000000000       0xac math.o
 .text.log      0x0000000000000000      0x264 math.o
 .text.log10    0x0000000000000000       0x2c math.o
 .text.pow      0x0000000000000000      0x1e8 math.o
 .text.cos      0x0000000000000000       0x44 math.o
 .text.sin      0x0000000000000000        0xc math.o
 .text.tan      0x0000000000000000      0x2c8 math.o
 .text.atan     0x0000000000000000       0x68 math.o
 .text.atan2    0x0000000000000000      0x190 math.o
 .text.asin     0x0000000000000000      0x158 math.o
 .text.acos     0x0000000000000000       0x7c math.o
 .text.sinh     0x0000000000000000      0x338 math.o
 .text.cosh     0x0000000000000000      0x234 math.o
 .text.tanh     0x0000000000000000       0xac math.o
 .rodata.asin.cst4
                0x0000000000000000        0x4 math.o
 .rodata.atan2.cst4
                0x0000000000000000        0x8 math.o
 .rodata.exp.cst4
                0x0000000000000000        0xc math.o
 .rodata.exp.part.2.cst4
                0x0000000000000000       0x24 math.o
 .rodata.ldexp.cst4
                0x0000000000000000        0x4 math.o
 .rodata.log.cst4
                0x0000000000000000       0x28 math.o
 .rodata.log10.cst4
                0x0000000000000000        0x4 math.o
 .rodata.satan.cst4
                0x0000000000000000       0x14 math.o
 .rodata.sinh.cst4
                0x0000000000000000       0x20 math.o
 .rodata.sinus.cst4
                0x0000000000000000       0x34 math.o
 .rodata.sqrt.cst4
                0x0000000000000000        0x8 math.o
 .rodata.tan.cst4
                0x0000000000000000       0x1c math.o
 .rodata.tan.cst8
                0x0000000000000000       0x18 math.o
 .rodata.xatan.cst4
                0x0000000000000000       0x24 math.o
 .comment       0x0000000000000000       0x29 math.o
 .riscv.attributes
                0x0000000000000000       0x1c math.o
 .text          0x0000000000000000        0x0 new.o
 .data          0x0000000000000000        0x0 new.o
 .bss           0x0000000000000000        0x0 new.o
 .eh_frame      0x0000000000000000       0x28 new.o
 .group         0x0000000000000000        0xc quaternion.o
 .text          0x0000000000000000        0x0 quaternion.o
 .data          0x0000000000000000        0x0 quaternion.o
 .bss           0x0000000000000000        0x0 quaternion.o
 .text._ZN10quaternion5q_sumES_S_
                0x0000000000000000       0xa8 quaternion.o
 .text._ZN10quaternion13q_subtractionES_S_
                0x0000000000000000       0xa8 quaternion.o
 .text._ZN10quaternion16q_multiplicationES_S_
                0x0000000000000000      0x39c quaternion.o
 .text._ZN10quaternion7q_multEES_7Complex
                0x0000000000000000       0xa4 quaternion.o
 .text._ZN10quaternion6q_divEES_7Complex
                0x0000000000000000       0xa4 quaternion.o
 .text._ZN10quaternion11q_conjugateES_
                0x0000000000000000       0x90 quaternion.o
 .text._ZN10quaternion10q_identityEv
                0x0000000000000000       0xa0 quaternion.o
 .text._ZN10quaternion6q_normEv
                0x0000000000000000      0x134 quaternion.o
 .text._ZN10quaternion9q_inverseES_
                0x0000000000000000      0x1c8 quaternion.o
 .text._ZN10quaternion11q_normalizeES_
                0x0000000000000000      0x1b4 quaternion.o
 .text._ZN10quaternion13q_dot_productES_S_
                0x0000000000000000       0xa8 quaternion.o
 .text._ZN10quaternion5q_2eaER7ComplexS1_S1_
                0x0000000000000000      0x57c quaternion.o
 .text._ZN10quaternion5ea_2qE7ComplexS0_S0_
                0x0000000000000000      0x408 quaternion.o
 .text._ZN10quaternion6q_2rotEv
                0x0000000000000000      0x77c quaternion.o
 .gcc_except_table._ZN10quaternion6q_2rotEv
                0x0000000000000000       0x2b quaternion.o
 .debug_info    0x0000000000000000     0x284c quaternion.o
 .debug_abbrev  0x0000000000000000      0x2a6 quaternion.o
 .debug_loc     0x0000000000000000      0x3e9 quaternion.o
 .debug_aranges
                0x0000000000000000       0x88 quaternion.o
 .debug_ranges  0x0000000000000000       0x90 quaternion.o
 .debug_line    0x0000000000000000     0x1494 quaternion.o
 .debug_str     0x0000000000000000      0xe11 quaternion.o
 .sdata.DW.ref.__gxx_personality_v0
                0x0000000000000000        0x4 quaternion.o
 .comment       0x0000000000000000       0x29 quaternion.o
 .eh_frame      0x0000000000000000      0x2b4 quaternion.o
 .riscv.attributes
                0x0000000000000000       0x1c quaternion.o

Memory Configuration

Name             Origin             Length             Attributes
rom              0x0000000000000000 0x0000000010000000
ram              0x0000000040000000 0x0000000010000000
ram_top          0x000000004ffffc00 0x0000000000000400
*default*        0x0000000000000000 0xffffffffffffffff

Linker script and memory map

                0x000000004ffffffc                _stack = 0x4ffffffc
                0x0000000000000000                . = 0x0

.text           0x0000000040000000     0x47a0
 *(.text.init)
                0x0000000040000000                _text = .
 *(.text)
 .text          0x0000000040000000      0x284 crt0.o
                0x0000000040000000                _entry
                0x0000000040000100                _isr
                0x00000000400001f4                _interrupt_set
                0x000000004000020c                setjmp
                0x0000000040000248                longjmp
 *(.text.*)
 .text._ZN6Matrix10set_valuesEiiP7Complex
                0x0000000040000284       0x64 Matrix.o
                0x0000000040000284                Matrix::set_values(int, int, Complex*)
 .text._ZN6Matrix12print_matrixEv
                0x00000000400002e8       0xb8 Matrix.o
                0x00000000400002e8                Matrix::print_matrix()
 .text._ZN6Matrix11subtractionEPS_S0_
                0x00000000400003a0       0xf4 Matrix.o
                0x00000000400003a0                Matrix::subtraction(Matrix*, Matrix*)
 .text._ZN6Matrix14multiplicationEPS_S0_
                0x0000000040000494      0x184 Matrix.o
                0x0000000040000494                Matrix::multiplication(Matrix*, Matrix*)
 .text._ZN6Matrix5multEEPS_7Complex
                0x0000000040000618       0xdc Matrix.o
                0x0000000040000618                Matrix::multE(Matrix*, Complex)
 .text._ZN6Matrix4divEEPS_7Complex
                0x00000000400006f4       0xdc Matrix.o
                0x00000000400006f4                Matrix::divE(Matrix*, Complex)
 .text._ZN6Matrix8cofactorEPS_iii
                0x00000000400007d0      0x1f8 Matrix.o
                0x00000000400007d0                Matrix::cofactor(Matrix*, int, int, int)
 .text._ZN6Matrix6auxDetEi
                0x00000000400009c8      0x314 Matrix.o
                0x00000000400009c8                Matrix::auxDet(int)
 .text._ZN6Matrix11determinantEi
                0x0000000040000cdc      0x2d8 Matrix.o
                0x0000000040000cdc                Matrix::determinant(int)
 .text._ZN6Matrix6setEyeEi
                0x0000000040000fb4       0xb0 Matrix.o
                0x0000000040000fb4                Matrix::setEye(int)
 .text._ZN6Matrix5zerosEii
                0x0000000040001064       0xa8 Matrix.o
                0x0000000040001064                Matrix::zeros(int, int)
 .text._ZN6Matrix7inverseEPS_
                0x000000004000110c      0x508 Matrix.o
                0x000000004000110c                Matrix::inverse(Matrix*)
 .text._ZN6Matrix4triuEPS_
                0x0000000040001614       0xf0 Matrix.o
                0x0000000040001614                Matrix::triu(Matrix*)
 .text._ZN6Matrix2qrEPS_S0_
                0x0000000040001704      0xf90 Matrix.o
                0x0000000040001704                Matrix::qr(Matrix*, Matrix*)
 .text._ZN7ComplexC2Ev
                0x0000000040002694        0xc complex.o
                0x0000000040002694                Complex::Complex()
                0x0000000040002694                Complex::Complex()
 .text._ZN7ComplexC2Ei
                0x00000000400026a0        0xc complex.o
                0x00000000400026a0                Complex::Complex(int)
                0x00000000400026a0                Complex::Complex(int)
 .text._ZN7Complex2reEv
                0x00000000400026ac        0x8 complex.o
                0x00000000400026ac                Complex::re()
 .text._ZN7ComplexplES_
                0x00000000400026b4       0x1c complex.o
                0x00000000400026b4                Complex::operator+(Complex)
 .text._ZN7ComplexmiES_
                0x00000000400026d0       0x1c complex.o
                0x00000000400026d0                Complex::operator-(Complex)
 .text._ZN7ComplexmlES_
                0x00000000400026ec      0x108 complex.o
                0x00000000400026ec                Complex::operator*(Complex)
 .text._ZN7ComplexmlEi
                0x00000000400027f4       0x80 complex.o
                0x00000000400027f4                Complex::operator*(int)
 .text._Zmli7Complex
                0x0000000040002874       0x80 complex.o
                0x0000000040002874                operator*(int, Complex)
 .text._ZN7ComplexdvES_
                0x00000000400028f4      0x1b0 complex.o
                0x00000000400028f4                Complex::operator/(Complex)
 .text._ZN7ComplexpLERKS_
                0x0000000040002aa4       0x24 complex.o
                0x0000000040002aa4                Complex::operator+=(Complex const&)
 .text._ZN7Complex6sqrt_CEv
                0x0000000040002ac8       0xf4 complex.o
                0x0000000040002ac8                Complex::sqrt_C()
 .text._ZN7Complex7print_CEv
                0x0000000040002bbc       0x68 complex.o
                0x0000000040002bbc                Complex::print_C()
 .text.fixtoa   0x0000000040002c24      0x154 fixed.o
                0x0000000040002c24                fixtoa
 .text.fix_sqrt
                0x0000000040002d78       0x34 fixed.o
                0x0000000040002d78                fix_sqrt
 .text.fix_print
                0x0000000040002dac       0x30 fixed.o
                0x0000000040002dac                fix_print
 .text._Z6cpsign7ComplexS_
                0x0000000040002ddc       0x9c libaux.o
                0x0000000040002ddc                cpsign(Complex, Complex)
 .text._Z4sign7Complex
                0x0000000040002e78       0x6c libaux.o
                0x0000000040002e78                sign(Complex)
 .text._Z11norm_vectoriP7Complex
                0x0000000040002ee4       0x84 libaux.o
                0x0000000040002ee4                norm_vector(int, Complex*)
 .text.printchar.part.0
                0x0000000040002f68       0x18 libc.o
 .text.vsprintf
                0x0000000040002f80      0x3e8 libc.o
 .text.__udivmoddi4.part.2
                0x0000000040003368      0x13c libc.o
 .text.interrupt_handler
                0x00000000400034a4       0x60 libc.o
                0x00000000400034a4                interrupt_handler
 .text.exception_handler
                0x0000000040003504        0xc libc.o
                0x0000000040003504                exception_handler
 .text.printf   0x0000000040003510       0x48 libc.o
                0x0000000040003510                printf
 .text.__mulsi3
                0x0000000040003558       0x30 libc.o
                0x0000000040003558                __mulsi3
 .text.__muldsi3
                0x0000000040003588       0xd4 libc.o
                0x0000000040003588                __muldsi3
 .text.__muldi3
                0x000000004000365c       0xa8 libc.o
                0x000000004000365c                __muldi3
 .text.__udivsi3
                0x0000000040003704       0x64 libc.o
                0x0000000040003704                __udivsi3
 .text.__umodsi3
                0x0000000040003768       0x54 libc.o
                0x0000000040003768                __umodsi3
 .text.__divdi3
                0x00000000400037bc       0x7c libc.o
                0x00000000400037bc                __divdi3
 .text._ZN6MatrixC2Ev
                0x0000000040003838       0x58 maintest.o
                0x0000000040003838                Matrix::Matrix()
                0x0000000040003838                Matrix::Matrix()
 .text.startup.main
                0x0000000040003890      0xf08 maintest.o
                0x0000000040003890                main
 .text._ZnwjPv  0x0000000040004798        0x8 new.o
                0x0000000040004798                operator new(unsigned int, void*)
                0x00000000400047a0                _etext = .

.data           0x00000000400047a0      0x190
                0x00000000400047a0                _rodata = .
 *(.rdata)
 *(.rodata)
 *(.rodata.*)
 .rodata._ZN6Matrix12print_matrixEv.str1.4
                0x00000000400047a0        0x6 Matrix.o
                                          0xa (size before relaxing)
 *fill*         0x00000000400047a6        0x2 
 .rodata._ZN6Matrix14multiplicationEPS_S0_.str1.4
                0x00000000400047a8       0x2e Matrix.o
 *fill*         0x00000000400047d6        0x2 
 .rodata._ZN7Complex7print_CEv.str1.4
                0x00000000400047d8        0x6 complex.o
 *fill*         0x00000000400047de        0x2 
 .rodata.fix_print.str1.4
                0x00000000400047e0        0x5 fixed.o
 *fill*         0x00000000400047e5        0x3 
 .rodata.vsprintf
                0x00000000400047e8       0x84 libc.o
 .rodata.vsprintf.str1.4
                0x000000004000486c       0x19 libc.o
 *fill*         0x0000000040004885        0x3 
 .rodata.main.str1.4
                0x0000000040004888       0xa4 maintest.o
                                         0xa7 (size before relaxing)
                0x000000004000492c                _erodata = .
                0x000000004000492c                _data = .
 *(.data)
 *(.data.*)
                0x000000004000512c                _gp = (. + 0x800)
 *(.sdata)
 *(.sdata.*)
                0x0000000040004930                . = ALIGN (0x10)
 *fill*         0x000000004000492c        0x4 
                0x0000000040004930                _edata = .

.rela.dyn       0x0000000040004930        0x0
 .rela.text     0x0000000040004930        0x0 Matrix.o
 .rela.text.startup.main
                0x0000000040004930        0x0 Matrix.o

.bss            0x0000000040004930       0x80
                0x0000000040004930                _bss_start = .
 *(.sbss)
 *(.sbss.*)
 *(.bss)
 *(.bss.*)
 .bss.isr       0x0000000040004930       0x80 libc.o
                0x00000000400049b0                . = ALIGN (0x4)
                0x00000000400049b0                _bss_end = .
                0x00000000400049b0                _end = .
LOAD Matrix.o
LOAD complex.o
LOAD crt0.o
LOAD fixed.o
LOAD libaux.o
LOAD libc.o
LOAD maintest.o
LOAD math.o
LOAD new.o
LOAD quaternion.o
OUTPUT(test.elf elf32-littleriscv)

.debug_info     0x0000000000000000     0xba4e
 .debug_info    0x0000000000000000     0x60c0 Matrix.o
 .debug_info    0x00000000000060c0     0x2949 complex.o
 .debug_info    0x0000000000008a09      0x842 libaux.o
 .debug_info    0x000000000000924b     0x2803 maintest.o

.debug_abbrev   0x0000000000000000      0xcf0
 .debug_abbrev  0x0000000000000000      0x49d Matrix.o
 .debug_abbrev  0x000000000000049d      0x442 complex.o
 .debug_abbrev  0x00000000000008df      0x1bb libaux.o
 .debug_abbrev  0x0000000000000a9a      0x256 maintest.o

.debug_loc      0x0000000000000000     0x7150
 .debug_loc     0x0000000000000000     0x5aeb Matrix.o
 .debug_loc     0x0000000000005aeb     0x1588 complex.o
 .debug_loc     0x0000000000007073       0x6c libaux.o
 .debug_loc     0x00000000000070df       0x71 maintest.o

.debug_aranges  0x0000000000000000      0x370
 .debug_aranges
                0x0000000000000000      0x150 Matrix.o
 .debug_aranges
                0x0000000000000150      0x1c8 complex.o
 .debug_aranges
                0x0000000000000318       0x30 libaux.o
 .debug_aranges
                0x0000000000000348       0x28 maintest.o

.debug_ranges   0x0000000000000000     0x17e0
 .debug_ranges  0x0000000000000000      0x808 Matrix.o
 .debug_ranges  0x0000000000000808      0xfa0 complex.o
 .debug_ranges  0x00000000000017a8       0x20 libaux.o
 .debug_ranges  0x00000000000017c8       0x18 maintest.o

.debug_line     0x0000000000000000     0x9c9d
 .debug_line    0x0000000000000000     0x559c Matrix.o
 .debug_line    0x000000000000559c     0x3d66 complex.o
 .debug_line    0x0000000000009302      0x307 libaux.o
 .debug_line    0x0000000000009609      0x694 maintest.o

.debug_str      0x0000000000000000     0x1203
 .debug_str     0x0000000000000000      0xf02 Matrix.o
                                        0xfe5 (size before relaxing)
 .debug_str     0x0000000000000f02      0x177 complex.o
                                        0x718 (size before relaxing)
 .debug_str     0x0000000000001079       0x33 libaux.o
                                        0x5f8 (size before relaxing)
 .debug_str     0x00000000000010ac      0x157 maintest.o
                                        0xc7e (size before relaxing)

.comment        0x0000000000000000       0x28
 .comment       0x0000000000000000       0x28 Matrix.o
                                         0x29 (size before relaxing)
 .comment       0x0000000000000028       0x29 complex.o
 .comment       0x0000000000000028       0x29 fixed.o
 .comment       0x0000000000000028       0x29 libaux.o
 .comment       0x0000000000000028       0x29 libc.o
 .comment       0x0000000000000028       0x29 maintest.o
 .comment       0x0000000000000028       0x29 new.o

.riscv.attributes
                0x0000000000000000       0x1c
 .riscv.attributes
                0x0000000000000000       0x1c Matrix.o
 .riscv.attributes
                0x000000000000001c       0x1c complex.o
 .riscv.attributes
                0x0000000000000038       0x1a crt0.o
 .riscv.attributes
                0x0000000000000052       0x1c fixed.o
 .riscv.attributes
                0x000000000000006e       0x1c libaux.o
 .riscv.attributes
                0x000000000000008a       0x1c libc.o
 .riscv.attributes
                0x00000000000000a6       0x1c maintest.o
 .riscv.attributes
                0x00000000000000c2       0x1c new.o
